../Core/Src/main.c:73:6:debug_print	280	static
../Core/Src/main.c:87:5:main	8	static
../Core/Src/main.c:137:6:SystemClock_Config	88	static
../Core/Src/main.c:179:13:MX_FDCAN2_Init	8	static
../Core/Src/main.c:222:13:MX_I2C3_Init	8	static
../Core/Src/main.c:270:13:MX_SPI1_Init	8	static
../Core/Src/main.c:310:13:MX_USART1_UART_Init	8	static
../Core/Src/main.c:358:13:MX_USART2_UART_Init	8	static
../Core/Src/main.c:406:13:MX_USB_PCD_Init	8	static
../Core/Src/main.c:439:13:MX_GPIO_Init	48	static
../Core/Src/main.c:476:6:Error_Handler	4	static,ignoring_inline_asm
