../Core/Src/main.c:72:6:CDC_Transmit_Print	272	static
../Core/Src/main.c:98:5:main	40	static
../Core/Src/main.c:196:6:SystemClock_Config	88	static
../Core/Src/main.c:238:13:MX_FDCAN2_Init	8	static
../Core/Src/main.c:281:13:MX_SPI1_Init	8	static
../Core/Src/main.c:321:13:MX_USART1_UART_Init	8	static
../Core/Src/main.c:369:13:MX_GPIO_Init	48	static
../Core/Src/main.c:409:6:StartReadData	128	static
../Core/Src/main.c:440:6:HAL_TIM_PeriodElapsedCallback	16	static
../Core/Src/main.c:457:6:Error_Handler	4	static,ignoring_inline_asm
